// Jest Snapshot v1, https://goo.gl/fbAQLP

exports[`AboutMePhotoCell.tsx renders without crashing 1`] = `
<div>
  <div
    class="column"
  >
    <div
      class="ui center aligned header"
      style="font-size: 3em;"
    >
      Hello, World!
    </div>
    <div
      class="ui text container"
    >
      
Lorem ipsum dolor sit amet, consectetur adipiscing elit. Aenean nisi lacus, pellentesque nec nunc at, tempor tristique nulla. Duis ornare eget nunc id euismod. Nullam efficitur tellus eu mi porttitor, a bibendum nibh elementum. Donec varius ut ligula eget laoreet. Quisque justo mauris, pellentesque eget sagittis sed, posuere sed lectus. Nunc congue urna vel sapien sagittis, vel tincidunt massa interdum. Aliquam lacinia nisl id erat feugiat egestas. Maecenas porta egestas libero, sed vehicula libero placerat nec. 

    </div>
  </div>
</div>
`;
