// Jest Snapshot v1, https://goo.gl/fbAQLP

exports[`AboutMePhotoCell.tsx renders without crashing 1`] = `
<div>
  <div
    class="column"
  >
    <div
      class="ui center aligned header"
      style="font-size: 3em;"
    >
      Hello, World!
    </div>
    <div
      class="ui text container"
    />
  </div>
</div>
`;
